// Jest Snapshot v1, https://goo.gl/fbAQLP

exports[`renders heatmaps correctly matches snapshot 1`] = `
<div>
  <div
    class="d-flex flex-column justify-content-center align-items-center"
  >
    <form
      class=""
    >
      <div
        class="mb-3"
      >
        <div>
          <div
            class="form-check form-check-inline"
          >
            <input
              checked=""
              class="form-check-input"
              type="radio"
              value="home"
            />
            <label
              class="form-check-label"
              title=""
            >
              home
            </label>
          </div>
          <div
            class="form-check form-check-inline"
          >
            <input
              class="form-check-input"
              type="radio"
              value="away"
            />
            <label
              class="form-check-label"
              title=""
            >
              away
            </label>
          </div>
        </div>
      </div>
    </form>
    <div
      class="pitch-container"
    >
      <div
        style="width: 100%; height: 100%;"
      >
        <svg
          height="0"
          style="position: absolute; z-index: 100; margin: 0px auto; left: 0px; right: 0px;"
          width="0"
        />
        <svg
          class="heatmaps"
          style="position: absolute; height: 0px; width: 0px; z-index: 100; margin: 0px auto; top: 05px; left: 0px; right: 0px;"
        />
      </div>
    </div>
    <form
      class="w-50 p-3 mx-auto d-flex flex-column align-items-center"
    >
      <div
        class="form-check"
      >
        <input
          checked=""
          class="form-check-input"
          type="checkbox"
        />
        <label
          class="form-check-label"
          title=""
        >
          Select All
        </label>
      </div>
      <div
        class="form-check"
      >
        <input
          checked=""
          class="form-check-input"
          type="checkbox"
        />
        <label
          class="form-check-label"
          title=""
        >
          Rui Patrício
        </label>
      </div>
      <div
        class="form-check"
      >
        <input
          checked=""
          class="form-check-input"
          type="checkbox"
        />
        <label
          class="form-check-label"
          title=""
        >
          Nélson Semedo
        </label>
      </div>
      <div
        class="form-check"
      >
        <input
          checked=""
          class="form-check-input"
          type="checkbox"
        />
        <label
          class="form-check-label"
          title=""
        >
          Marçal
        </label>
      </div>
      <div
        class="form-check"
      >
        <input
          checked=""
          class="form-check-input"
          type="checkbox"
        />
        <label
          class="form-check-label"
          title=""
        >
          João Moutinho
        </label>
      </div>
      <div
        class="form-check"
      >
        <input
          checked=""
          class="form-check-input"
          type="checkbox"
        />
        <label
          class="form-check-label"
          title=""
        >
          Conor Coady
        </label>
      </div>
      <div
        class="form-check"
      >
        <input
          checked=""
          class="form-check-input"
          type="checkbox"
        />
        <label
          class="form-check-label"
          title=""
        >
          Romain Saïss
        </label>
      </div>
      <div
        class="form-check"
      >
        <input
          checked=""
          class="form-check-input"
          type="checkbox"
        />
        <label
          class="form-check-label"
          title=""
        >
          Adama Traoré
        </label>
      </div>
      <div
        class="form-check"
      >
        <input
          checked=""
          class="form-check-input"
          type="checkbox"
        />
        <label
          class="form-check-label"
          title=""
        >
          Rúben Neves
        </label>
      </div>
      <div
        class="form-check"
      >
        <input
          checked=""
          class="form-check-input"
          type="checkbox"
        />
        <label
          class="form-check-label"
          title=""
        >
          Fábio Silva
        </label>
      </div>
      <div
        class="form-check"
      >
        <input
          checked=""
          class="form-check-input"
          type="checkbox"
        />
        <label
          class="form-check-label"
          title=""
        >
          Daniel Podence
        </label>
      </div>
      <div
        class="form-check"
      >
        <input
          checked=""
          class="form-check-input"
          type="checkbox"
        />
        <label
          class="form-check-label"
          title=""
        >
          Pedro Neto
        </label>
      </div>
      <div
        class="form-check"
      >
        <input
          checked=""
          class="form-check-input"
          type="checkbox"
        />
        <label
          class="form-check-label"
          title=""
        >
          Ki-Jana Hoever
        </label>
      </div>
      <div
        class="form-check"
      >
        <input
          checked=""
          class="form-check-input"
          type="checkbox"
        />
        <label
          class="form-check-label"
          title=""
        >
          Rayan Aït-Nouri
        </label>
      </div>
      <div
        class="form-check"
      >
        <input
          checked=""
          class="form-check-input"
          type="checkbox"
        />
        <label
          class="form-check-label"
          title=""
        >
          Vitinha
        </label>
      </div>
      <div
        class="form-check"
      >
        <input
          checked=""
          class="form-check-input"
          type="checkbox"
        />
        <label
          class="form-check-label"
          title=""
        >
          John Ruddy
        </label>
      </div>
      <div
        class="form-check"
      >
        <input
          checked=""
          class="form-check-input"
          type="checkbox"
        />
        <label
          class="form-check-label"
          title=""
        >
          Taylor Perry
        </label>
      </div>
      <div
        class="form-check"
      >
        <input
          checked=""
          class="form-check-input"
          type="checkbox"
        />
        <label
          class="form-check-label"
          title=""
        >
          Maximilian Kilman
        </label>
      </div>
      <div
        class="form-check"
      >
        <input
          checked=""
          class="form-check-input"
          type="checkbox"
        />
        <label
          class="form-check-label"
          title=""
        >
          Owen Otasowie
        </label>
      </div>
      <div
        class="form-check"
      >
        <input
          checked=""
          class="form-check-input"
          type="checkbox"
        />
        <label
          class="form-check-label"
          title=""
        >
          Theo Corbeanu
        </label>
      </div>
      <div
        class="form-check"
      >
        <input
          checked=""
          class="form-check-input"
          type="checkbox"
        />
        <label
          class="form-check-label"
          title=""
        >
          Luke Cundle
        </label>
      </div>
    </form>
  </div>
</div>
`;
