// Jest Snapshot v1, https://goo.gl/fbAQLP

exports[`matches snapshot matches snapshot 1`] = `
<div>
  <main
    class="mb-5 bg-secondary"
  >
    <h1
      class="p-5 text-center text-primary match-heading bg-secondary"
    >
      Wolves 1 : 1 Tottenham
    </h1>
    <ul
      class="m-5 justify-content-center text-black nav nav-tabs"
      role="tablist"
    >
      <li
        class="nav-item"
        role="presentation"
      >
        <button
          aria-controls="static-id-0"
          aria-selected="true"
          class="nav-link active"
          data-rr-ui-event-key="formations"
          id="static-id-0"
          role="tab"
          type="button"
        >
          Formations
        </button>
      </li>
      <li
        class="nav-item"
        role="presentation"
      >
        <button
          class="nav-link"
          data-rr-ui-event-key="chalkboard"
          id="static-id-1"
          role="tab"
          tabindex="-1"
          type="button"
        >
          Chalkboard
        </button>
      </li>
      <li
        class="nav-item"
        role="presentation"
      >
        <button
          class="nav-link"
          data-rr-ui-event-key="heatmaps"
          id="static-id-2"
          role="tab"
          tabindex="-1"
          type="button"
        >
          Heatmaps
        </button>
      </li>
    </ul>
    <div
      class="tab-content"
    >
      <div
        aria-labelledby="static-id-3"
        class="fade tab-pane active show"
        id="static-id-3"
        role="tabpanel"
      >
        <div
          class="container-fluid"
        >
          <div
            class="row"
          >
            <div
              class="col-xl-8 col-12 order-xl-1 order-0"
            >
              <label
                class="d-block w-50 p-3 mx-auto form-label"
              >
                Minute:
                 
                0
                <input
                  class="form-range"
                  max="96"
                  min="0"
                  step="1"
                  type="range"
                  value="0"
                />
              </label>
              <div
                class="pitch-container formations"
              >
                <div
                  style="width: 100%; height: 100%;"
                >
                  <svg
                    class="d-block mx-auto"
                    height="0"
                    overflow="visible"
                    width="0"
                  >
                    <g
                      class="visx-group"
                      data-testid="formations"
                      transform="translate(0, 0)"
                    >
                      <g
                        class="visx-group"
                        role="button"
                        transform="translate(0, 0)"
                      >
                        <circle
                          cx="0"
                          cy="0"
                          fill="white"
                          r="0"
                        />
                        <svg
                          style="overflow: visible;"
                          x="0"
                          y="0"
                        >
                          <text
                            class="formation-number"
                            dominant-baseline="central"
                            fill="black"
                            text-anchor="middle"
                            transform=""
                          >
                            <tspan
                              dy="0em"
                              x="0"
                            >
                              11
                            </tspan>
                          </text>
                        </svg>
                        <svg
                          style="overflow: visible;"
                          x="0"
                          y="0"
                        >
                          <text
                            class="formation-player"
                            text-anchor="middle"
                            transform="translate(0, 0)"
                          >
                            <tspan
                              dy="0.71em"
                              x="0"
                            >
                              Rui Patrício
                            </tspan>
                          </text>
                        </svg>
                      </g>
                      <g
                        class="visx-group"
                        role="button"
                        transform="translate(0, 0)"
                      >
                        <circle
                          cx="0"
                          cy="0"
                          fill="white"
                          r="0"
                        />
                        <svg
                          style="overflow: visible;"
                          x="0"
                          y="0"
                        >
                          <text
                            class="formation-number"
                            dominant-baseline="central"
                            fill="black"
                            text-anchor="middle"
                            transform=""
                          >
                            <tspan
                              dy="0em"
                              x="0"
                            >
                              22
                            </tspan>
                          </text>
                        </svg>
                        <svg
                          style="overflow: visible;"
                          x="0"
                          y="0"
                        >
                          <text
                            class="formation-player"
                            text-anchor="middle"
                            transform="translate(0, 0)"
                          >
                            <tspan
                              dy="0.71em"
                              x="0"
                            >
                              Nélson Semedo
                            </tspan>
                          </text>
                        </svg>
                      </g>
                      <g
                        class="visx-group"
                        role="button"
                        transform="translate(0, 0)"
                      >
                        <circle
                          cx="0"
                          cy="0"
                          fill="white"
                          r="0"
                        />
                        <svg
                          style="overflow: visible;"
                          x="0"
                          y="0"
                        >
                          <text
                            class="formation-number"
                            dominant-baseline="central"
                            fill="black"
                            text-anchor="middle"
                            transform=""
                          >
                            <tspan
                              dy="0em"
                              x="0"
                            >
                              5
                            </tspan>
                          </text>
                        </svg>
                        <svg
                          style="overflow: visible;"
                          x="0"
                          y="0"
                        >
                          <text
                            class="formation-player"
                            text-anchor="middle"
                            transform="translate(0, 0)"
                          >
                            <tspan
                              dy="0.71em"
                              x="0"
                            >
                              Marçal
                            </tspan>
                          </text>
                        </svg>
                      </g>
                      <g
                        class="visx-group"
                        role="button"
                        transform="translate(0, 0)"
                      >
                        <circle
                          cx="0"
                          cy="0"
                          fill="white"
                          r="0"
                        />
                        <svg
                          style="overflow: visible;"
                          x="0"
                          y="0"
                        >
                          <text
                            class="formation-number"
                            dominant-baseline="central"
                            fill="black"
                            text-anchor="middle"
                            transform=""
                          >
                            <tspan
                              dy="0em"
                              x="0"
                            >
                              28
                            </tspan>
                          </text>
                        </svg>
                        <svg
                          style="overflow: visible;"
                          x="0"
                          y="0"
                        >
                          <text
                            class="formation-player"
                            text-anchor="middle"
                            transform="translate(0, 0)"
                          >
                            <tspan
                              dy="0.71em"
                              x="0"
                            >
                              João Moutinho
                            </tspan>
                          </text>
                        </svg>
                      </g>
                      <g
                        class="visx-group"
                        role="button"
                        transform="translate(0, 0)"
                      >
                        <circle
                          cx="0"
                          cy="0"
                          fill="white"
                          r="0"
                        />
                        <svg
                          style="overflow: visible;"
                          x="0"
                          y="0"
                        >
                          <text
                            class="formation-number"
                            dominant-baseline="central"
                            fill="black"
                            text-anchor="middle"
                            transform=""
                          >
                            <tspan
                              dy="0em"
                              x="0"
                            >
                              16
                            </tspan>
                          </text>
                        </svg>
                        <svg
                          style="overflow: visible;"
                          x="0"
                          y="0"
                        >
                          <text
                            class="formation-player"
                            text-anchor="middle"
                            transform="translate(0, 0)"
                          >
                            <tspan
                              dy="0.71em"
                              x="0"
                            >
                              Conor Coady
                            </tspan>
                          </text>
                        </svg>
                      </g>
                      <g
                        class="visx-group"
                        role="button"
                        transform="translate(0, 0)"
                      >
                        <circle
                          cx="0"
                          cy="0"
                          fill="white"
                          r="0"
                        />
                        <svg
                          style="overflow: visible;"
                          x="0"
                          y="0"
                        >
                          <text
                            class="formation-number"
                            dominant-baseline="central"
                            fill="black"
                            text-anchor="middle"
                            transform=""
                          >
                            <tspan
                              dy="0em"
                              x="0"
                            >
                              27
                            </tspan>
                          </text>
                        </svg>
                        <svg
                          style="overflow: visible;"
                          x="0"
                          y="0"
                        >
                          <text
                            class="formation-player"
                            text-anchor="middle"
                            transform="translate(0, 0)"
                          >
                            <tspan
                              dy="0.71em"
                              x="0"
                            >
                              Romain Saïss
                            </tspan>
                          </text>
                        </svg>
                      </g>
                      <g
                        class="visx-group"
                        role="button"
                        transform="translate(0, 0)"
                      >
                        <circle
                          cx="0"
                          cy="0"
                          fill="white"
                          r="0"
                        />
                        <svg
                          style="overflow: visible;"
                          x="0"
                          y="0"
                        >
                          <text
                            class="formation-number"
                            dominant-baseline="central"
                            fill="black"
                            text-anchor="middle"
                            transform=""
                          >
                            <tspan
                              dy="0em"
                              x="0"
                            >
                              37
                            </tspan>
                          </text>
                        </svg>
                        <svg
                          style="overflow: visible;"
                          x="0"
                          y="0"
                        >
                          <text
                            class="formation-player"
                            text-anchor="middle"
                            transform="translate(0, 0)"
                          >
                            <tspan
                              dy="0.71em"
                              x="0"
                            >
                              Adama Traoré
                            </tspan>
                          </text>
                        </svg>
                      </g>
                      <g
                        class="visx-group"
                        role="button"
                        transform="translate(0, 0)"
                      >
                        <circle
                          cx="0"
                          cy="0"
                          fill="white"
                          r="0"
                        />
                        <svg
                          style="overflow: visible;"
                          x="0"
                          y="0"
                        >
                          <text
                            class="formation-number"
                            dominant-baseline="central"
                            fill="black"
                            text-anchor="middle"
                            transform=""
                          >
                            <tspan
                              dy="0em"
                              x="0"
                            >
                              8
                            </tspan>
                          </text>
                        </svg>
                        <svg
                          style="overflow: visible;"
                          x="0"
                          y="0"
                        >
                          <text
                            class="formation-player"
                            text-anchor="middle"
                            transform="translate(0, 0)"
                          >
                            <tspan
                              dy="0.71em"
                              x="0"
                            >
                              Rúben Neves
                            </tspan>
                          </text>
                        </svg>
                      </g>
                      <g
                        class="visx-group"
                        role="button"
                        transform="translate(0, 0)"
                      >
                        <circle
                          cx="0"
                          cy="0"
                          fill="white"
                          r="0"
                        />
                        <svg
                          style="overflow: visible;"
                          x="0"
                          y="0"
                        >
                          <text
                            class="formation-number"
                            dominant-baseline="central"
                            fill="black"
                            text-anchor="middle"
                            transform=""
                          >
                            <tspan
                              dy="0em"
                              x="0"
                            >
                              17
                            </tspan>
                          </text>
                        </svg>
                        <svg
                          style="overflow: visible;"
                          x="0"
                          y="0"
                        >
                          <text
                            class="formation-player"
                            text-anchor="middle"
                            transform="translate(0, 0)"
                          >
                            <tspan
                              dy="0.71em"
                              x="0"
                            >
                              Fábio Silva
                            </tspan>
                          </text>
                        </svg>
                      </g>
                      <g
                        class="visx-group"
                        role="button"
                        transform="translate(0, 0)"
                      >
                        <circle
                          cx="0"
                          cy="0"
                          fill="white"
                          r="0"
                        />
                        <svg
                          style="overflow: visible;"
                          x="0"
                          y="0"
                        >
                          <text
                            class="formation-number"
                            dominant-baseline="central"
                            fill="black"
                            text-anchor="middle"
                            transform=""
                          >
                            <tspan
                              dy="0em"
                              x="0"
                            >
                              10
                            </tspan>
                          </text>
                        </svg>
                        <svg
                          style="overflow: visible;"
                          x="0"
                          y="0"
                        >
                          <text
                            class="formation-player"
                            text-anchor="middle"
                            transform="translate(0, 0)"
                          >
                            <tspan
                              dy="0.71em"
                              x="0"
                            >
                              Daniel Podence
                            </tspan>
                          </text>
                        </svg>
                      </g>
                      <g
                        class="visx-group"
                        role="button"
                        transform="translate(0, 0)"
                      >
                        <circle
                          cx="0"
                          cy="0"
                          fill="white"
                          r="0"
                        />
                        <svg
                          style="overflow: visible;"
                          x="0"
                          y="0"
                        >
                          <text
                            class="formation-number"
                            dominant-baseline="central"
                            fill="black"
                            text-anchor="middle"
                            transform=""
                          >
                            <tspan
                              dy="0em"
                              x="0"
                            >
                              7
                            </tspan>
                          </text>
                        </svg>
                        <svg
                          style="overflow: visible;"
                          x="0"
                          y="0"
                        >
                          <text
                            class="formation-player"
                            text-anchor="middle"
                            transform="translate(0, 0)"
                          >
                            <tspan
                              dy="0.71em"
                              x="0"
                            >
                              Pedro Neto
                            </tspan>
                          </text>
                        </svg>
                      </g>
                      <g
                        class="visx-group"
                        role="button"
                        transform="translate(0, 0)"
                      >
                        <circle
                          cx="0"
                          cy="0"
                          fill="black"
                          r="0"
                        />
                        <svg
                          style="overflow: visible;"
                          x="0"
                          y="0"
                        >
                          <text
                            class="formation-number"
                            dominant-baseline="central"
                            fill="white"
                            text-anchor="middle"
                            transform=""
                          >
                            <tspan
                              dy="0em"
                              x="0"
                            >
                              1
                            </tspan>
                          </text>
                        </svg>
                        <svg
                          style="overflow: visible;"
                          x="0"
                          y="0"
                        >
                          <text
                            class="formation-player"
                            text-anchor="middle"
                            transform="translate(0, 0)"
                          >
                            <tspan
                              dy="0.71em"
                              x="0"
                            >
                              Hugo Lloris
                            </tspan>
                          </text>
                        </svg>
                      </g>
                      <g
                        class="visx-group"
                        role="button"
                        transform="translate(0, 0)"
                      >
                        <circle
                          cx="0"
                          cy="0"
                          fill="black"
                          r="0"
                        />
                        <svg
                          style="overflow: visible;"
                          x="0"
                          y="0"
                        >
                          <text
                            class="formation-number"
                            dominant-baseline="central"
                            fill="white"
                            text-anchor="middle"
                            transform=""
                          >
                            <tspan
                              dy="0em"
                              x="0"
                            >
                              2
                            </tspan>
                          </text>
                        </svg>
                        <svg
                          style="overflow: visible;"
                          x="0"
                          y="0"
                        >
                          <text
                            class="formation-player"
                            text-anchor="middle"
                            transform="translate(0, 0)"
                          >
                            <tspan
                              dy="0.71em"
                              x="0"
                            >
                              Matt Doherty
                            </tspan>
                          </text>
                        </svg>
                      </g>
                      <g
                        class="visx-group"
                        role="button"
                        transform="translate(0, 0)"
                      >
                        <circle
                          cx="0"
                          cy="0"
                          fill="black"
                          r="0"
                        />
                        <svg
                          style="overflow: visible;"
                          x="0"
                          y="0"
                        >
                          <text
                            class="formation-number"
                            dominant-baseline="central"
                            fill="white"
                            text-anchor="middle"
                            transform=""
                          >
                            <tspan
                              dy="0em"
                              x="0"
                            >
                              3
                            </tspan>
                          </text>
                        </svg>
                        <svg
                          style="overflow: visible;"
                          x="0"
                          y="0"
                        >
                          <text
                            class="formation-player"
                            text-anchor="middle"
                            transform="translate(0, 0)"
                          >
                            <tspan
                              dy="0.71em"
                              x="0"
                            >
                              Sergio Reguilón
                            </tspan>
                          </text>
                        </svg>
                      </g>
                      <g
                        class="visx-group"
                        role="button"
                        transform="translate(0, 0)"
                      >
                        <circle
                          cx="0"
                          cy="0"
                          fill="black"
                          r="0"
                        />
                        <svg
                          style="overflow: visible;"
                          x="0"
                          y="0"
                        >
                          <text
                            class="formation-number"
                            dominant-baseline="central"
                            fill="white"
                            text-anchor="middle"
                            transform=""
                          >
                            <tspan
                              dy="0em"
                              x="0"
                            >
                              33
                            </tspan>
                          </text>
                        </svg>
                        <svg
                          style="overflow: visible;"
                          x="0"
                          y="0"
                        >
                          <text
                            class="formation-player"
                            text-anchor="middle"
                            transform="translate(0, 0)"
                          >
                            <tspan
                              dy="0.71em"
                              x="0"
                            >
                              Ben Davies
                            </tspan>
                          </text>
                        </svg>
                      </g>
                      <g
                        class="visx-group"
                        role="button"
                        transform="translate(0, 0)"
                      >
                        <circle
                          cx="0"
                          cy="0"
                          fill="black"
                          r="0"
                        />
                        <svg
                          style="overflow: visible;"
                          x="0"
                          y="0"
                        >
                          <text
                            class="formation-number"
                            dominant-baseline="central"
                            fill="white"
                            text-anchor="middle"
                            transform=""
                          >
                            <tspan
                              dy="0em"
                              x="0"
                            >
                              15
                            </tspan>
                          </text>
                        </svg>
                        <svg
                          style="overflow: visible;"
                          x="0"
                          y="0"
                        >
                          <text
                            class="formation-player"
                            text-anchor="middle"
                            transform="translate(0, 0)"
                          >
                            <tspan
                              dy="0.71em"
                              x="0"
                            >
                              Eric Dier
                            </tspan>
                          </text>
                        </svg>
                      </g>
                      <g
                        class="visx-group"
                        role="button"
                        transform="translate(0, 0)"
                      >
                        <circle
                          cx="0"
                          cy="0"
                          fill="black"
                          r="0"
                        />
                        <svg
                          style="overflow: visible;"
                          x="0"
                          y="0"
                        >
                          <text
                            class="formation-number"
                            dominant-baseline="central"
                            fill="white"
                            text-anchor="middle"
                            transform=""
                          >
                            <tspan
                              dy="0em"
                              x="0"
                            >
                              6
                            </tspan>
                          </text>
                        </svg>
                        <svg
                          style="overflow: visible;"
                          x="0"
                          y="0"
                        >
                          <text
                            class="formation-player"
                            text-anchor="middle"
                            transform="translate(0, 0)"
                          >
                            <tspan
                              dy="0.71em"
                              x="0"
                            >
                              Davinson Sánchez
                            </tspan>
                          </text>
                        </svg>
                      </g>
                      <g
                        class="visx-group"
                        role="button"
                        transform="translate(0, 0)"
                      >
                        <circle
                          cx="0"
                          cy="0"
                          fill="black"
                          r="0"
                        />
                        <svg
                          style="overflow: visible;"
                          x="0"
                          y="0"
                        >
                          <text
                            class="formation-number"
                            dominant-baseline="central"
                            fill="white"
                            text-anchor="middle"
                            transform=""
                          >
                            <tspan
                              dy="0em"
                              x="0"
                            >
                              8
                            </tspan>
                          </text>
                        </svg>
                        <svg
                          style="overflow: visible;"
                          x="0"
                          y="0"
                        >
                          <text
                            class="formation-player"
                            text-anchor="middle"
                            transform="translate(0, 0)"
                          >
                            <tspan
                              dy="0.71em"
                              x="0"
                            >
                              Harry Winks
                            </tspan>
                          </text>
                        </svg>
                      </g>
                      <g
                        class="visx-group"
                        role="button"
                        transform="translate(0, 0)"
                      >
                        <circle
                          cx="0"
                          cy="0"
                          fill="black"
                          r="0"
                        />
                        <svg
                          style="overflow: visible;"
                          x="0"
                          y="0"
                        >
                          <text
                            class="formation-number"
                            dominant-baseline="central"
                            fill="white"
                            text-anchor="middle"
                            transform=""
                          >
                            <tspan
                              dy="0em"
                              x="0"
                            >
                              5
                            </tspan>
                          </text>
                        </svg>
                        <svg
                          style="overflow: visible;"
                          x="0"
                          y="0"
                        >
                          <text
                            class="formation-player"
                            text-anchor="middle"
                            transform="translate(0, 0)"
                          >
                            <tspan
                              dy="0.71em"
                              x="0"
                            >
                              Pierre-Emile Højbjerg
                            </tspan>
                          </text>
                        </svg>
                      </g>
                      <g
                        class="visx-group"
                        role="button"
                        transform="translate(0, 0)"
                      >
                        <circle
                          cx="0"
                          cy="0"
                          fill="black"
                          r="0"
                        />
                        <svg
                          style="overflow: visible;"
                          x="0"
                          y="0"
                        >
                          <text
                            class="formation-number"
                            dominant-baseline="central"
                            fill="white"
                            text-anchor="middle"
                            transform=""
                          >
                            <tspan
                              dy="0em"
                              x="0"
                            >
                              28
                            </tspan>
                          </text>
                        </svg>
                        <svg
                          style="overflow: visible;"
                          x="0"
                          y="0"
                        >
                          <text
                            class="formation-player"
                            text-anchor="middle"
                            transform="translate(0, 0)"
                          >
                            <tspan
                              dy="0.71em"
                              x="0"
                            >
                              Tanguy Ndombele
                            </tspan>
                          </text>
                        </svg>
                      </g>
                      <g
                        class="visx-group"
                        role="button"
                        transform="translate(0, 0)"
                      >
                        <circle
                          cx="0"
                          cy="0"
                          fill="black"
                          r="0"
                        />
                        <svg
                          style="overflow: visible;"
                          x="0"
                          y="0"
                        >
                          <text
                            class="formation-number"
                            dominant-baseline="central"
                            fill="white"
                            text-anchor="middle"
                            transform=""
                          >
                            <tspan
                              dy="0em"
                              x="0"
                            >
                              10
                            </tspan>
                          </text>
                        </svg>
                        <svg
                          style="overflow: visible;"
                          x="0"
                          y="0"
                        >
                          <text
                            class="formation-player"
                            text-anchor="middle"
                            transform="translate(0, 0)"
                          >
                            <tspan
                              dy="0.71em"
                              x="0"
                            >
                              Harry Kane
                            </tspan>
                          </text>
                        </svg>
                      </g>
                      <g
                        class="visx-group"
                        role="button"
                        transform="translate(0, 0)"
                      >
                        <circle
                          cx="0"
                          cy="0"
                          fill="black"
                          r="0"
                        />
                        <svg
                          style="overflow: visible;"
                          x="0"
                          y="0"
                        >
                          <text
                            class="formation-number"
                            dominant-baseline="central"
                            fill="white"
                            text-anchor="middle"
                            transform=""
                          >
                            <tspan
                              dy="0em"
                              x="0"
                            >
                              7
                            </tspan>
                          </text>
                        </svg>
                        <svg
                          style="overflow: visible;"
                          x="0"
                          y="0"
                        >
                          <text
                            class="formation-player"
                            text-anchor="middle"
                            transform="translate(0, 0)"
                          >
                            <tspan
                              dy="0.71em"
                              x="0"
                            >
                              Son Heung-Min
                            </tspan>
                          </text>
                        </svg>
                      </g>
                    </g>
                  </svg>
                </div>
              </div>
            </div>
            <div
              class="my-xl-auto col-xl-2 col-3 order-xl-0 order-1"
            >
              <div
                class="d-flex flex-column flex-md-row my-auto py-3 border-bottom "
                role="button"
              >
                <div
                  class="mx-2"
                >
                  2
                </div>
                 
                <div>
                  Ki-Jana Hoever
                </div>
              </div>
              <div
                class="d-flex flex-column flex-md-row my-auto py-3 border-bottom "
                role="button"
              >
                <div
                  class="mx-2"
                >
                  3
                </div>
                 
                <div>
                  Rayan Aït-Nouri
                </div>
              </div>
              <div
                class="d-flex flex-column flex-md-row my-auto py-3 border-bottom "
                role="button"
              >
                <div
                  class="mx-2"
                >
                  20
                </div>
                 
                <div>
                  Vitinha
                </div>
              </div>
              <div
                class="d-flex flex-column flex-md-row my-auto py-3 border-bottom "
                role="button"
              >
                <div
                  class="mx-2"
                >
                  21
                </div>
                 
                <div>
                  John Ruddy
                </div>
              </div>
              <div
                class="d-flex flex-column flex-md-row my-auto py-3 border-bottom "
                role="button"
              >
                <div
                  class="mx-2"
                >
                  26
                </div>
                 
                <div>
                  Taylor Perry
                </div>
              </div>
              <div
                class="d-flex flex-column flex-md-row my-auto py-3 border-bottom "
                role="button"
              >
                <div
                  class="mx-2"
                >
                  39
                </div>
                 
                <div>
                  Luke Cundle
                </div>
              </div>
              <div
                class="d-flex flex-column flex-md-row my-auto py-3 border-bottom "
                role="button"
              >
                <div
                  class="mx-2"
                >
                  49
                </div>
                 
                <div>
                  Maximilian Kilman
                </div>
              </div>
              <div
                class="d-flex flex-column flex-md-row my-auto py-3 border-bottom "
                role="button"
              >
                <div
                  class="mx-2"
                >
                  54
                </div>
                 
                <div>
                  Owen Otasowie
                </div>
              </div>
              <div
                class="d-flex flex-column flex-md-row my-auto py-3 border-bottom "
                role="button"
              >
                <div
                  class="mx-2"
                >
                  60
                </div>
                 
                <div>
                  Theo Corbeanu
                </div>
              </div>
            </div>
            <div
              class="my-xl-auto col-xl-2 col-3 order-xl-2 order-3"
            >
              <div
                class="d-flex flex-column flex-md-row my-auto py-3 border-bottom flex-md-row-reverse"
                role="button"
              >
                <div
                  class="mx-2"
                >
                  4
                </div>
                 
                <div>
                  Toby Alderweireld
                </div>
              </div>
              <div
                class="d-flex flex-column flex-md-row my-auto py-3 border-bottom flex-md-row-reverse"
                role="button"
              >
                <div
                  class="mx-2"
                >
                  11
                </div>
                 
                <div>
                  Erik Lamela
                </div>
              </div>
              <div
                class="d-flex flex-column flex-md-row my-auto py-3 border-bottom flex-md-row-reverse"
                role="button"
              >
                <div
                  class="mx-2"
                >
                  12
                </div>
                 
                <div>
                  Joe Hart
                </div>
              </div>
              <div
                class="d-flex flex-column flex-md-row my-auto py-3 border-bottom flex-md-row-reverse"
                role="button"
              >
                <div
                  class="mx-2"
                >
                  14
                </div>
                 
                <div>
                  Joe Rodon
                </div>
              </div>
              <div
                class="d-flex flex-column flex-md-row my-auto py-3 border-bottom flex-md-row-reverse"
                role="button"
              >
                <div
                  class="mx-2"
                >
                  17
                </div>
                 
                <div>
                  Moussa Sissoko
                </div>
              </div>
              <div
                class="d-flex flex-column flex-md-row my-auto py-3 border-bottom flex-md-row-reverse"
                role="button"
              >
                <div
                  class="mx-2"
                >
                  20
                </div>
                 
                <div>
                  Dele Alli
                </div>
              </div>
              <div
                class="d-flex flex-column flex-md-row my-auto py-3 border-bottom flex-md-row-reverse"
                role="button"
              >
                <div
                  class="mx-2"
                >
                  23
                </div>
                 
                <div>
                  Steven Bergwijn
                </div>
              </div>
              <div
                class="d-flex flex-column flex-md-row my-auto py-3 border-bottom flex-md-row-reverse"
                role="button"
              >
                <div
                  class="mx-2"
                >
                  24
                </div>
                 
                <div>
                  Serge Aurier
                </div>
              </div>
              <div
                class="d-flex flex-column flex-md-row my-auto py-3 border-bottom flex-md-row-reverse"
                role="button"
              >
                <div
                  class="mx-2"
                >
                  25
                </div>
                 
                <div>
                  Japhet Tanganga
                </div>
              </div>
            </div>
            <div
              class="mx-auto col-xl-6 col-6 order-xl-4 order-1"
            >
              <div
                class="w-100 mx-auto text-center"
              >
                Click on a player to see match stats
              </div>
            </div>
          </div>
        </div>
      </div>
    </div>
  </main>
</div>
`;
